
(19 rows affected)

(12 rows affected)
Month       SalesAmount                             PreviousMonthSales
----------- --------------------------------------- ---------------------------------------
1           26300.00                                NULL
2           10900.00                                26300.00
3           5500.00                                 10900.00
4           16400.00                                5500.00
5           14050.00                                16400.00
6           2725.00                                 14050.00
7           25855.00                                2725.00
8           24700.00                                25855.00
9           14450.00                                24700.00
10          16550.00                                14450.00
11          6915.00                                 16550.00
12          20600.00                                6915.00

(12 rows affected)


Completion time: 2023-11-16T19:22:42.1873980+02:00
